==============================================================================
 <项目A> 28.40.0100 授权状态机热补丁 · 复现日志 (run 2)
 时间: 2026-09-27 23:22:25
==============================================================================

[阶段 0] 目标画像
  目标: D:\Data\<项目A>\<项目A>.exe
  版本: 28.40.0100 (x64, twinBASIC 982)
  SHA256: e2b134e9b7e68886d59f005152ae2f339cdf20159ede00cb37fda0f6fda06ccd
  体积: 39306808 字节
  PoC: <工作区>/project/xyplorer\dist\version.dll  (257024 字节, sha256=cc428f85e55ef12d53302696c6f76d74aa364e0d3214da3a0b36bdb128cb8391)
  补丁点: 0x670CB1 / 0x670BFF / 0x670CD5 (激活状态机) + 0x15E2A47 (许可等级呈现)
  状态字 RVA: 0x0230CDEA   试用=0xFFFF / 已激活=0x0000

[阶段 1] 还原到官方原版基线（确保起点纯净）

[阶段 2] 官方原版基线状态（期望: 授权状态字=0xFFFF 试用）
  [基线]
    PID=13684  license_type=0  ver_flag=1
    ★ 授权状态字 = 0xFFFF  ->  试用(trial)
    授权姓名 = ''
    授权密钥 = ''
    窗口 [ThunderRT6FormDC] <USER>\Desktop\pi\seep\project - <项目A> ### 30 - 天试用版本 - 第 1 天 ### - 28.40.0100
    窗口 [ThunderRT6Main] <项目A>

[阶段 3] 部署 version.dll 代理 + 写入 [Register] 结构化授权码

[阶段 4] 激活态实测（期望: 授权状态字=0x0000 已激活 + 标题栏无试用标记）
  [激活态]
    PID=29276  license_type=5  ver_flag=1
    ★ 授权状态字 = 0x0000  ->  已激活(activated)
    授权姓名 = 'Seep 授权用户'
    授权密钥 = 'xy05-0100-D0F0-3970-185A-1963-A172-D0F0-28.40'
    窗口 [ThunderRT6FormDC] <USER>\Desktop\pi\seep\project - <项目A> 28.40.0100
    窗口 [ThunderRT6Main] <项目A>
    关于框截图 -> <工作区>/project/xyplorer\docs\repro\effect_proof_about_2.bmp
  判定: 激活状态字归零=True   标题栏无试用标记=True

[阶段 5] 稳定性观察 30s
    30s 后仍存活: PID=29276  授权状态字=0x0000

[阶段 6] 彻底还原为官方原版
    残留文件检查: 无残留 ✓

[阶段 7] 回落校验（期望: 授权状态字=0xFFFF 试用 + 标题栏出现试用标记）
  [还原后]
    PID=37516  license_type=0  ver_flag=1
    ★ 授权状态字 = 0xFFFF  ->  试用(trial)
    授权姓名 = ''
    授权密钥 = ''
    窗口 [ThunderRT6FormDC] <USER>\Desktop\pi\seep\project - <项目A> ### 30 - 天试用版本 - 第 1 天 ### - 28.40.0100
    窗口 [ThunderRT6Main] <项目A>
  判定: 回落官方试用态=True

==============================================================================
 复现结论
==============================================================================
  R1 可复现性 : PASS (独立驱动脚本，无 Seep-Tool 依赖)
  R2 可观测性 : PASS (进程内授权状态字 + 标题栏 + 关于框 三重客观判据)
  R3 幂等可重入: PASS (重复部署不重复备份)
  R4 可还原性 : PASS (还原后回落 0xFFFF 试用态，零残留)
  R5 版本绑定 : PASS (28.40.0100 + SHA256 校验，补丁点版本专属)
  激活判定 = True   还原判定 = True
