# 还原后校验日志（revert_verify）

## Run 1

[阶段 6] 彻底还原为官方原版
    残留文件检查: 无残留 ✓

[阶段 7] 回落校验（期望: 授权状态字=0xFFFF 试用 + 标题栏出现试用标记）
  [还原后]
    PID=5260  license_type=0  ver_flag=1
    ★ 授权状态字 = 0xFFFF  ->  试用(trial)
    授权姓名 = ''
    授权密钥 = ''
    窗口 [ThunderRT6FormDC] <USER>\Desktop\pi\seep\project - <项目A> ### 30 - 天试用版本 - 第 1 天 ### - 28.40.0100
    窗口 [ThunderRT6Main] <项目A>
  判定: 回落官方试用态=True

==============================================================================
 复现结论
==============================================================================
  R1 可复现性 : PASS (独立驱动脚本，无 Seep-Tool 依赖)
  R2 可观测性 : PASS (进程内授权状态字 + 标题栏 + 关于框 三重客观判据)
  R3 幂等可重入: PASS (重复部署不重复备份)
  R4 可还原性 : PASS (还原后回落 0xFFFF 试用态，零残留)
  R5 版本绑定 : PASS (28.40.0100 + SHA256 校验，补丁点版本专属)
  激活判定 = True   还原判定 = True

## Run 2

[阶段 6] 彻底还原为官方原版
    残留文件检查: 无残留 ✓

[阶段 7] 回落校验（期望: 授权状态字=0xFFFF 试用 + 标题栏出现试用标记）
  [还原后]
    PID=37516  license_type=0  ver_flag=1
    ★ 授权状态字 = 0xFFFF  ->  试用(trial)
    授权姓名 = ''
    授权密钥 = ''
    窗口 [ThunderRT6FormDC] <USER>\Desktop\pi\seep\project - <项目A> ### 30 - 天试用版本 - 第 1 天 ### - 28.40.0100
    窗口 [ThunderRT6Main] <项目A>
  判定: 回落官方试用态=True

==============================================================================
 复现结论
==============================================================================
  R1 可复现性 : PASS (独立驱动脚本，无 Seep-Tool 依赖)
  R2 可观测性 : PASS (进程内授权状态字 + 标题栏 + 关于框 三重客观判据)
  R3 幂等可重入: PASS (重复部署不重复备份)
  R4 可还原性 : PASS (还原后回落 0xFFFF 试用态，零残留)
  R5 版本绑定 : PASS (28.40.0100 + SHA256 校验，补丁点版本专属)
  激活判定 = True   还原判定 = True
